 ⨯ ./node_modules/next/dist/lib/require-instrumentation-client.js:11:1
Module not found: Can't resolve 'private-next-instrumentation-client'

https://nextjs.org/docs/messages/module-not-found

Import trace for requested module:
./node_modules/next/dist/client/app-next-dev.js
 ⨯ ./node_modules/next/dist/lib/require-instrumentation-client.js:11:1
Module not found: Can't resolve 'private-next-instrumentation-client'

https://nextjs.org/docs/messages/module-not-found

Import trace for requested module:
./node_modules/next/dist/client/app-next-dev.js
 ⨯ ./node_modules/next/dist/lib/require-instrumentation-client.js:11:1
Module not found: Can't resolve 'private-next-instrumentation-client'

https://nextjs.org/docs/messages/module-not-found

Import trace for requested module:
./node_modules/next/dist/client/app-next-dev.js
<w> [webpack.cache.PackFileCacheStrategy] Caching failed for pack: Error: ENOENT: no such file or directory, lstat 'E:\Web\spring street\spring-street-frontend\node_modules\next\dist\server\future'
<w> [webpack.cache.PackFileCacheStrategy/webpack.FileSystemInfo] Resolving 'next/dist/server/future/helpers/interception-routes' in E:\Web\spring street\spring-street-frontend\node_modules\next\dist\build for build dependencies doesn't lead to expected result 'E:\Web\spring street\spring-street-frontend\node_modules\next\dist\server\future\helpers\interception-routes.js', but to 'Error: Can't resolve 'next/dist/server/future/helpers/interception-routes' in 'E:\Web\spring street\spring-street-frontend\node_modules\next\dist\build'' instead. Resolving dependencies are ignored for this path.
<w>  at unknown 4 next/dist/server/future/helpers/interception-routes
<w>  at file dependencies E:\Web\spring street\spring-street-frontend\node_modules\next\dist\build\utils.js
<w>  at file E:\Web\spring street\spring-street-frontend\node_modules\next\dist\build\utils.js
<w>  at file dependencies E:\Web\spring street\spring-street-frontend\node_modules\next\dist\build\webpack\loaders\next-app-loader\index.js
<w>  at file E:\Web\spring street\spring-street-frontend\node_modules\next\dist\build\webpack\loaders\next-app-loader\index.js
<w>  at resolve commonjs E:\Web\spring street\spring-street-frontend\node_modules\next\dist\build\webpack\loaders\next-app-loader\index.js
 ⨯ ./node_modules/next/dist/lib/require-instrumentation-client.js:11:1
Module not found: Can't resolve 'private-next-instrumentation-client'

https://nextjs.org/docs/messages/module-not-found

Import trace for requested module:
./node_modules/next/dist/client/app-next-dev.js
 ⨯ ./node_modules/next/dist/lib/require-instrumentation-client.js:11:1
Module not found: Can't resolve 'private-next-instrumentation-client'

https://nextjs.org/docs/messages/module-not-found

Import trace for requested module:
./node_modules/next/dist/client/app-next-dev.js
 ⨯ ./node_modules/next/dist/lib/require-instrumentation-client.js:11:1
Module not found: Can't resolve 'private-next-instrumentation-client'

https://nextjs.org/docs/messages/module-not-found

Import trace for requested module:
./node_modules/next/dist/client/app-next-dev.js
<w> [webpack.cache.PackFileCacheStrategy] Skipped not serializable cache item 'Compilation/modules|E:\Web\spring street\spring-street-frontend\node_modules\next\dist\build\webpack\loaders\css-loader\src\index.js??ruleSet[1].rules[14].oneOf[12].use[2]!E:\Web\spring street\spring-street-frontend\node_modules\next\dist\build\webpack\loaders\postcss-loader\src\index.js??ruleSet[1].rules[14].oneOf[12].use[3]!E:\Web\spring street\spring-street-frontend\app\globals.css': No serializer registered for Warning
<w> while serializing webpack/lib/cache/PackFileCacheStrategy.PackContentItems -> webpack/lib/NormalModule -> Array { 1 items } -> webpack/lib/ModuleWarning -> Warning
 ⚠ Found a change in next.config.mjs. Restarting the server to apply the changes...
 ⚠ ./app/globals.css.webpack[javascript/auto]!=!./node_modules/next/dist/build/webpack/loaders/css-loader/src/index.js??ruleSet[1].rules[14].oneOf[10].use[2]!./node_modules/next/dist/build/webpack/loaders/postcss-loader/src/index.js??ruleSet[1].rules[14].oneOf[10].use[3]!./app/globals.css
Warning

(372:3) autoprefixer: end value has mixed support, consider using flex-end instead

Import trace for requested module:
./app/globals.css.webpack[javascript/auto]!=!./node_modules/next/dist/build/webpack/loaders/css-loader/src/index.js??ruleSet[1].rules[14].oneOf[10].use[2]!./node_modules/next/dist/build/webpack/loaders/postcss-loader/src/index.js??ruleSet[1].rules[14].oneOf[10].use[3]!./app/globals.css
./app/globals.css
 ⨯ [Error: Cannot find module 'E:\Web\spring street\spring-street-frontend\.next-app\server\middleware-manifest.json'
Require stack:
- E:\Web\spring street\spring-street-frontend\node_modules\next\dist\server\next-server.js
- E:\Web\spring street\spring-street-frontend\node_modules\next\dist\server\dev\next-dev-server.js
- E:\Web\spring street\spring-street-frontend\node_modules\next\dist\server\next.js
- E:\Web\spring street\spring-street-frontend\node_modules\next\dist\server\lib\start-server.js] {
  code: 'MODULE_NOT_FOUND',
  requireStack: [Array]
}
 ⚠ ./app/globals.css.webpack[javascript/auto]!=!./node_modules/next/dist/build/webpack/loaders/css-loader/src/index.js??ruleSet[1].rules[14].oneOf[10].use[2]!./node_modules/next/dist/build/webpack/loaders/postcss-loader/src/index.js??ruleSet[1].rules[14].oneOf[10].use[3]!./app/globals.css
Warning

(372:3) autoprefixer: end value has mixed support, consider using flex-end instead

Import trace for requested module:
./app/globals.css.webpack[javascript/auto]!=!./node_modules/next/dist/build/webpack/loaders/css-loader/src/index.js??ruleSet[1].rules[14].oneOf[10].use[2]!./node_modules/next/dist/build/webpack/loaders/postcss-loader/src/index.js??ruleSet[1].rules[14].oneOf[10].use[3]!./app/globals.css
./app/globals.css
<w> [webpack.cache.PackFileCacheStrategy] Skipped not serializable cache item 'Compilation/modules|E:\Web\spring street\spring-street-frontend\node_modules\next\dist\build\webpack\loaders\css-loader\src\index.js??ruleSet[1].rules[14].oneOf[10].use[2]!E:\Web\spring street\spring-street-frontend\node_modules\next\dist\build\webpack\loaders\postcss-loader\src\index.js??ruleSet[1].rules[14].oneOf[10].use[3]!E:\Web\spring street\spring-street-frontend\app\globals.css': No serializer registered for Warning
<w> while serializing webpack/lib/cache/PackFileCacheStrategy.PackContentItems -> webpack/lib/NormalModule -> Array { 1 items } -> webpack/lib/ModuleWarning -> Warning
 ⨯ [Error: ENOENT: no such file or directory, open 'E:\Web\spring street\spring-street-frontend\.next-app\routes-manifest.json'] {
  errno: -4058,
  code: 'ENOENT',
  syscall: 'open',
  path: 'E:\\Web\\spring street\\spring-street-frontend\\.next-app\\routes-manifest.json'
}
[Error: Cannot find module 'E:\Web\spring street\spring-street-frontend\.next-app\server\middleware-manifest.json'
Require stack:
- E:\Web\spring street\spring-street-frontend\node_modules\next\dist\server\next-server.js
- E:\Web\spring street\spring-street-frontend\node_modules\next\dist\server\dev\next-dev-server.js
- E:\Web\spring street\spring-street-frontend\node_modules\next\dist\server\next.js
- E:\Web\spring street\spring-street-frontend\node_modules\next\dist\server\lib\start-server.js] {
  code: 'MODULE_NOT_FOUND',
  requireStack: [Array]
}
 ⨯ [Error: ENOENT: no such file or directory, open 'E:\Web\spring street\spring-street-frontend\.next-app\routes-manifest.json'] {
  errno: -4058,
  code: 'ENOENT',
  syscall: 'open',
  path: 'E:\\Web\\spring street\\spring-street-frontend\\.next-app\\routes-manifest.json'
}
[Error: ENOENT: no such file or directory, open 'E:\Web\spring street\spring-street-frontend\.next-app\routes-manifest.json'] {
  errno: -4058,
  code: 'ENOENT',
  syscall: 'open',
  path: 'E:\\Web\\spring street\\spring-street-frontend\\.next-app\\routes-manifest.json'
}
 ⨯ [Error: Cannot find module 'E:\Web\spring street\spring-street-frontend\.next-app\server\middleware-manifest.json'
Require stack:
- E:\Web\spring street\spring-street-frontend\node_modules\next\dist\server\next-server.js
- E:\Web\spring street\spring-street-frontend\node_modules\next\dist\server\dev\next-dev-server.js
- E:\Web\spring street\spring-street-frontend\node_modules\next\dist\server\next.js
- E:\Web\spring street\spring-street-frontend\node_modules\next\dist\server\lib\start-server.js] {
  code: 'MODULE_NOT_FOUND',
  requireStack: [Array]
}
 ⨯ [Error: ENOENT: no such file or directory, open 'E:\Web\spring street\spring-street-frontend\.next-app\routes-manifest.json'] {
  errno: -4058,
  code: 'ENOENT',
  syscall: 'open',
  path: 'E:\\Web\\spring street\\spring-street-frontend\\.next-app\\routes-manifest.json'
}
[Error: Cannot find module 'E:\Web\spring street\spring-street-frontend\.next-app\server\middleware-manifest.json'
Require stack:
- E:\Web\spring street\spring-street-frontend\node_modules\next\dist\server\next-server.js
- E:\Web\spring street\spring-street-frontend\node_modules\next\dist\server\dev\next-dev-server.js
- E:\Web\spring street\spring-street-frontend\node_modules\next\dist\server\next.js
- E:\Web\spring street\spring-street-frontend\node_modules\next\dist\server\lib\start-server.js] {
  code: 'MODULE_NOT_FOUND',
  requireStack: [Array]
}
 ⨯ [Error: ENOENT: no such file or directory, open 'E:\Web\spring street\spring-street-frontend\.next-app\routes-manifest.json'] {
  errno: -4058,
  code: 'ENOENT',
  syscall: 'open',
  path: 'E:\\Web\\spring street\\spring-street-frontend\\.next-app\\routes-manifest.json'
}
[Error: ENOENT: no such file or directory, open 'E:\Web\spring street\spring-street-frontend\.next-app\routes-manifest.json'] {
  errno: -4058,
  code: 'ENOENT',
  syscall: 'open',
  path: 'E:\\Web\\spring street\\spring-street-frontend\\.next-app\\routes-manifest.json'
}
